// Vitest Snapshot v1

exports[`\`monots init\` should run without error in a pnpm project 1`] = `
{
  "dependencies": {
    "@monots/cli": "^0.0.0",
    "typescript": "^4.7.2",
  },
  "monots": {
    "packages": [
      "packages/*",
    ],
  },
  "scripts": {
    "postinstall": "monots prepare",
  },
  "type": "module",
}
`;
