// Vitest Snapshot v1

exports[`\`monots prepare\` should create development dist files 1`] = `
"// Allow the project to be used for commonjs environments 
const register = require('../../../../../../../../node_modules/.pnpm/@swc+register@0.1.10_@swc+core@1.2.172/node_modules/@swc/register/lib/node.js');

(register.default || register)({
  \\"rootMode\\": \\"upward-optional\\",
  \\"module\\": {
    \\"type\\": \\"commonjs\\"
  },
  \\"jsc\\": {
    \\"target\\": \\"es2015\\",
    \\"transform\\": {
      \\"react\\": {
        \\"runtime\\": \\"automatic\\"
      }
    }
  }
})
module.exports = require('../src/index.ts');
register.revert();"
`;

exports[`\`monots prepare\` should create development dist files 2`] = `
"export * from \\"../src/index\\";
"
`;

exports[`\`monots prepare\` should create development dist files 3`] = `
"export * from \\"../src/other\\";
export { default } from \\"../src/other\\";
"
`;

exports[`\`monots prepare\` should create development dist files 4`] = `
[
  "packages/scoped__a/src/index.ts",
  "packages/scoped__a/src/index.ts",
  "packages/scoped__c/src/and-another/index.ts",
  "packages/scoped__c/src/and-another/nested/index.ts",
  "packages/scoped__c/src/and-another/nested/cool.ts",
]
`;
