// Vitest Snapshot v1

exports[`can process a basic template config 1`] = `
{
  "dependencies": {
    "asdf": "file:./asdf",
  },
  "description": "base",
  "name": "base",
  "version": "1.0.0",
}
`;

exports[`can process a basic template config 2`] = `""`;
